// Jest Snapshot v1, https://goo.gl/fbAQLP

exports[`Credit style 1`] = `"<div width=\\"90%\\" class=\\"sc-AxjAm hUBnld\\"><div color=\\"white\\" class=\\"sc-AxjAm sc-AxirZ cNfATY\\"><div font-weight=\\"bold\\" font-size=\\"2rem\\" class=\\"sc-AxjAm oczhH\\">Buy me a coffee</div><div class=\\"sc-AxjAm jeyKHA\\"></div><a href=\\"#!\\" font-size=\\"2\\" class=\\"sc-AxjAm kfAYCq\\">Log In</a></div><div class=\\"sc-AxjAm sc-AxirZ bIcLiT\\"><p font-size=\\"3\\" class=\\"sc-AxjAm hvXEqD\\">Buy me a coffee is a way for you to support my work.</p><p font-size=\\"3\\" class=\\"sc-AxjAm hvXEqD\\">So far, <span color=\\"highlight\\" font-weight=\\"bold\\" class=\\"sc-AxjAm doiciJ\\">3</span> people have donated a total of <span color=\\"highlight\\" font-weight=\\"bold\\" class=\\"sc-AxjAm doiciJ\\">4440</span> cups of coffee.</p><img src=\\"coffee_cup.png\\" class=\\"sc-AxjAm eMgQYg\\"><button color=\\"white\\" font-size=\\"5\\" class=\\"sc-AxjAm gGjrCw\\">Donate</button></div><div class=\\"sc-AxjAm sc-AxirZ fNVgX\\"><h2 font-weight=\\"bold\\" font-size=\\"2rem\\" color=\\"highlight\\" class=\\"sc-AxjAm byVCyg\\">Contributors</h2></div><div class=\\"sc-AxjAm sc-AxirZ dvHqUk\\"><div color=\\"highlight\\" width=\\"90%\\" class=\\"sc-AxjAm hEqCDb\\"><div class=\\"sc-AxjAm sc-AxirZ dbsPtB\\"><div class=\\"sc-AxjAm sc-AxirZ jwhmtK\\"><div class=\\"sc-AxjAm sc-AxirZ glDYrY\\"><h2 font-size=\\"3,4\\" class=\\"sc-AxjAm hIEflP\\">Anonymous</h2></div><p font-size=\\"3\\" style=\\"word-break: break-word;\\" class=\\"sc-AxjAm izSlj\\">Hi there! Keep up the awesome work!</p></div><div class=\\"sc-AxjAm sc-AxirZ etuibD\\"><div font-size=\\"5\\" class=\\"sc-AxjAm eNObaV\\"><p>+4</p><img src=\\"coffee_to_go.png\\" width=\\"44px\\" class=\\"sc-AxjAm eIMihv\\"></div></div></div></div><div color=\\"highlight\\" width=\\"90%\\" class=\\"sc-AxjAm hEqCDb\\"><div class=\\"sc-AxjAm sc-AxirZ dbsPtB\\"><div class=\\"sc-AxjAm sc-AxirZ jwhmtK\\"><div class=\\"sc-AxjAm sc-AxirZ glDYrY\\"><h2 font-size=\\"3,4\\" class=\\"sc-AxjAm hIEflP\\">Anonymous</h2></div><p font-size=\\"3\\" style=\\"word-break: break-word;\\" class=\\"sc-AxjAm izSlj\\">Hi there! Keep up the awesome work!</p></div><div class=\\"sc-AxjAm sc-AxirZ etuibD\\"><div font-size=\\"5\\" class=\\"sc-AxjAm eNObaV\\"><p>+40</p><img src=\\"coffee_to_go.png\\" width=\\"44px\\" class=\\"sc-AxjAm eIMihv\\"></div></div></div></div><div color=\\"highlight\\" width=\\"90%\\" class=\\"sc-AxjAm hEqCDb\\"><div class=\\"sc-AxjAm sc-AxirZ dbsPtB\\"><div class=\\"sc-AxjAm sc-AxirZ jwhmtK\\"><div class=\\"sc-AxjAm sc-AxirZ glDYrY\\"><h2 font-size=\\"3,4\\" class=\\"sc-AxjAm hIEflP\\">Anonymous</h2></div><p font-size=\\"3\\" style=\\"word-break: break-word;\\" class=\\"sc-AxjAm izSlj\\">Hi there! Keep up the awesome work!</p></div><div class=\\"sc-AxjAm sc-AxirZ etuibD\\"><div font-size=\\"5\\" class=\\"sc-AxjAm eNObaV\\"><p>+400</p><img src=\\"coffee_to_go.png\\" width=\\"44px\\" class=\\"sc-AxjAm eIMihv\\"></div></div></div></div></div><div class=\\"sc-AxjAm sc-AxirZ coteZM\\"><img src=\\"debit_card.png\\" class=\\"sc-AxjAm fFIAuE\\"><img src=\\"coffee_to_go.png\\" class=\\"sc-AxjAm fFIAuE\\"><img src=\\"react_logo.png\\" width=\\"64px\\" class=\\"sc-AxjAm cfWTjF\\"></div><div font-size=\\"2\\" class=\\"sc-AxjAm sc-AxirZ bsLIVh\\"><a href=\\"https://icons8.com/\\" rel=\\"noopener noreferrer\\" style=\\"text-decoration: underline;\\" class=\\"sc-AxjAm gWKrNW\\">Icons thanks to Icons8</a></div></div>"`;
